// Vitest Snapshot v1, https://vitest.dev/guide/snapshot.html

exports[`FilmsAlreadySeen > should match snapshot 1`] = `
"<figure><img alt="Gamera, the Guardian of the Universe" src="https://m.media-amazon.com/images/M/MV5BNTFkNzAxYTUtZGE4ZC00NjBkLWE3ZDAtYjE4NzQ0MDBhZWQwXkEyXkFqcGdeQXVyNjQ2MzU1NzQ@._V1_SX300.jpg"></figure>
<article class="details">
  <h2>Gamera, the Guardian of the Universe</h2>
  <p><strong>Directed By:</strong> Sh√ªsuke Kaneko</p>
  <p><strong>Starring:</strong> Tsuyoshi Ihara, Akira Onodera, Shinobu Nakayama</p>
  <p><strong>Released:</strong> 16 Apr 1997</p>
  <p><strong>Genre:</strong> Action, Drama, Fantasy</p>
</article>
<article class="plot">
  <p><strong>Plot:</strong> An ornithologist investigates reports of a monstrous new species of bird just as a teenage girl is gifted an amulet found on mysterious atoll. As the creatures begin to attack, an ancient guardian with a bond to the girl emerges.</p>
</article>
<aside class="icons"><svg stroke="currentColor" fill="currentColor" stroke-width="0" version="1.1" viewBox="0 0 16 16" style="font-size: 40px; cursor: pointer;" height="1em" width="1em" xmlns="http://www.w3.org/2000/svg">
    <path d="M15.854 12.854c-0-0-0-0-0-0l-4.854-4.854 4.854-4.854c0-0 0-0 0-0 0.052-0.052 0.090-0.113 0.114-0.178 0.066-0.178 0.028-0.386-0.114-0.529l-2.293-2.293c-0.143-0.143-0.351-0.181-0.529-0.114-0.065 0.024-0.126 0.062-0.178 0.114 0 0-0 0-0 0l-4.854 4.854-4.854-4.854c-0-0-0-0-0-0-0.052-0.052-0.113-0.090-0.178-0.114-0.178-0.066-0.386-0.029-0.529 0.114l-2.293 2.293c-0.143 0.143-0.181 0.351-0.114 0.529 0.024 0.065 0.062 0.126 0.114 0.178 0 0 0 0 0 0l4.854 4.854-4.854 4.854c-0 0-0 0-0 0-0.052 0.052-0.090 0.113-0.114 0.178-0.066 0.178-0.029 0.386 0.114 0.529l2.293 2.293c0.143 0.143 0.351 0.181 0.529 0.114 0.065-0.024 0.126-0.062 0.178-0.114 0-0 0-0 0-0l4.854-4.854 4.854 4.854c0 0 0 0 0 0 0.052 0.052 0.113 0.090 0.178 0.114 0.178 0.066 0.386 0.029 0.529-0.114l2.293-2.293c0.143-0.143 0.181-0.351 0.114-0.529-0.024-0.065-0.062-0.126-0.114-0.178z"></path>
  </svg></aside>"
`;
